---
source: crates/air_r_parser/tests/spec_test.rs
expression: snapshot
---
## Input

```R
# R requires a name after `::`/`:::`. A missing right side is a parse error, recovering with an empty `right` slot. Anything that isn't an identifier,
# string, or dots selector (a number, keyword, parenthesized/braced
# expression, ...) leaves the right side missing.

a::1
a::NA
a::NULL
a::TRUE
a::(b)
a::{ b }

a:::1
a:::NA
a:::NULL
a:::TRUE
a:::(b)
a:::{ b }

```


## AST

```
RRoot {
    bom_token: missing (optional),
    expressions: RExpressionList [
        RNamespaceExpression {
            left: RIdentifier {
                name_token: IDENT@0..271 "a" [Comments("# R requires a name a ..."), Newline("\n"), Comments("# string, or dots sel ..."), Newline("\n"), Comments("# expression, ...) le ..."), Newline("\n"), Newline("\n")] [],
            },
            operator: COLON2@271..273 "::" [] [],
            right: missing (required),
        },
        RDoubleValue {
            value_token: R_DOUBLE_LITERAL@273..274 "1" [] [],
        },
        RNamespaceExpression {
            left: RIdentifier {
                name_token: IDENT@274..276 "a" [Newline("\n")] [],
            },
            operator: COLON2@276..278 "::" [] [],
            right: missing (required),
        },
        RNaExpression {
            value: NA_LOGICAL_KW@278..280 "NA" [] [],
        },
        RNamespaceExpression {
            left: RIdentifier {
                name_token: IDENT@280..282 "a" [Newline("\n")] [],
            },
            operator: COLON2@282..284 "::" [] [],
            right: missing (required),
        },
        RNullExpression {
            null_token: NULL_KW@284..288 "NULL" [] [],
        },
        RNamespaceExpression {
            left: RIdentifier {
                name_token: IDENT@288..290 "a" [Newline("\n")] [],
            },
            operator: COLON2@290..292 "::" [] [],
            right: missing (required),
        },
        RTrueExpression {
            true_token: TRUE_KW@292..296 "TRUE" [] [],
        },
        RCall {
            function: RNamespaceExpression {
                left: RIdentifier {
                    name_token: IDENT@296..298 "a" [Newline("\n")] [],
                },
                operator: COLON2@298..300 "::" [] [],
                right: missing (required),
            },
            arguments: RCallArguments {
                l_paren_token: L_PAREN@300..301 "(" [] [],
                items: RArgumentList [
                    RArgument {
                        name_clause: missing (optional),
                        value: RIdentifier {
                            name_token: IDENT@301..302 "b" [] [],
                        },
                    },
                ],
                r_paren_token: R_PAREN@302..303 ")" [] [],
            },
        },
        RNamespaceExpression {
            left: RIdentifier {
                name_token: IDENT@303..305 "a" [Newline("\n")] [],
            },
            operator: COLON2@305..307 "::" [] [],
            right: missing (required),
        },
        RBracedExpressions {
            l_curly_token: L_CURLY@307..308 "{" [] [],
            expressions: RExpressionList [
                RIdentifier {
                    name_token: IDENT@308..310 "b" [Whitespace(" ")] [],
                },
            ],
            r_curly_token: R_CURLY@310..312 "}" [Whitespace(" ")] [],
        },
        RNamespaceExpression {
            left: RIdentifier {
                name_token: IDENT@312..315 "a" [Newline("\n"), Newline("\n")] [],
            },
            operator: COLON3@315..318 ":::" [] [],
            right: missing (required),
        },
        RDoubleValue {
            value_token: R_DOUBLE_LITERAL@318..319 "1" [] [],
        },
        RNamespaceExpression {
            left: RIdentifier {
                name_token: IDENT@319..321 "a" [Newline("\n")] [],
            },
            operator: COLON3@321..324 ":::" [] [],
            right: missing (required),
        },
        RNaExpression {
            value: NA_LOGICAL_KW@324..326 "NA" [] [],
        },
        RNamespaceExpression {
            left: RIdentifier {
                name_token: IDENT@326..328 "a" [Newline("\n")] [],
            },
            operator: COLON3@328..331 ":::" [] [],
            right: missing (required),
        },
        RNullExpression {
            null_token: NULL_KW@331..335 "NULL" [] [],
        },
        RNamespaceExpression {
            left: RIdentifier {
                name_token: IDENT@335..337 "a" [Newline("\n")] [],
            },
            operator: COLON3@337..340 ":::" [] [],
            right: missing (required),
        },
        RTrueExpression {
            true_token: TRUE_KW@340..344 "TRUE" [] [],
        },
        RCall {
            function: RNamespaceExpression {
                left: RIdentifier {
                    name_token: IDENT@344..346 "a" [Newline("\n")] [],
                },
                operator: COLON3@346..349 ":::" [] [],
                right: missing (required),
            },
            arguments: RCallArguments {
                l_paren_token: L_PAREN@349..350 "(" [] [],
                items: RArgumentList [
                    RArgument {
                        name_clause: missing (optional),
                        value: RIdentifier {
                            name_token: IDENT@350..351 "b" [] [],
                        },
                    },
                ],
                r_paren_token: R_PAREN@351..352 ")" [] [],
            },
        },
        RNamespaceExpression {
            left: RIdentifier {
                name_token: IDENT@352..354 "a" [Newline("\n")] [],
            },
            operator: COLON3@354..357 ":::" [] [],
            right: missing (required),
        },
        RBracedExpressions {
            l_curly_token: L_CURLY@357..358 "{" [] [],
            expressions: RExpressionList [
                RIdentifier {
                    name_token: IDENT@358..360 "b" [Whitespace(" ")] [],
                },
            ],
            r_curly_token: R_CURLY@360..362 "}" [Whitespace(" ")] [],
        },
    ],
    eof_token: EOF@362..363 "" [Newline("\n")] [],
}
```

## CST

```
0: R_ROOT@0..363
  0: (empty)
  1: R_EXPRESSION_LIST@0..362
    0: R_NAMESPACE_EXPRESSION@0..273
      0: R_IDENTIFIER@0..271
        0: IDENT@0..271 "a" [Comments("# R requires a name a ..."), Newline("\n"), Comments("# string, or dots sel ..."), Newline("\n"), Comments("# expression, ...) le ..."), Newline("\n"), Newline("\n")] []
      1: COLON2@271..273 "::" [] []
      2: (empty)
    1: R_DOUBLE_VALUE@273..274
      0: R_DOUBLE_LITERAL@273..274 "1" [] []
    2: R_NAMESPACE_EXPRESSION@274..278
      0: R_IDENTIFIER@274..276
        0: IDENT@274..276 "a" [Newline("\n")] []
      1: COLON2@276..278 "::" [] []
      2: (empty)
    3: R_NA_EXPRESSION@278..280
      0: NA_LOGICAL_KW@278..280 "NA" [] []
    4: R_NAMESPACE_EXPRESSION@280..284
      0: R_IDENTIFIER@280..282
        0: IDENT@280..282 "a" [Newline("\n")] []
      1: COLON2@282..284 "::" [] []
      2: (empty)
    5: R_NULL_EXPRESSION@284..288
      0: NULL_KW@284..288 "NULL" [] []
    6: R_NAMESPACE_EXPRESSION@288..292
      0: R_IDENTIFIER@288..290
        0: IDENT@288..290 "a" [Newline("\n")] []
      1: COLON2@290..292 "::" [] []
      2: (empty)
    7: R_TRUE_EXPRESSION@292..296
      0: TRUE_KW@292..296 "TRUE" [] []
    8: R_CALL@296..303
      0: R_NAMESPACE_EXPRESSION@296..300
        0: R_IDENTIFIER@296..298
          0: IDENT@296..298 "a" [Newline("\n")] []
        1: COLON2@298..300 "::" [] []
        2: (empty)
      1: R_CALL_ARGUMENTS@300..303
        0: L_PAREN@300..301 "(" [] []
        1: R_ARGUMENT_LIST@301..302
          0: R_ARGUMENT@301..302
            0: (empty)
            1: R_IDENTIFIER@301..302
              0: IDENT@301..302 "b" [] []
        2: R_PAREN@302..303 ")" [] []
    9: R_NAMESPACE_EXPRESSION@303..307
      0: R_IDENTIFIER@303..305
        0: IDENT@303..305 "a" [Newline("\n")] []
      1: COLON2@305..307 "::" [] []
      2: (empty)
    10: R_BRACED_EXPRESSIONS@307..312
      0: L_CURLY@307..308 "{" [] []
      1: R_EXPRESSION_LIST@308..310
        0: R_IDENTIFIER@308..310
          0: IDENT@308..310 "b" [Whitespace(" ")] []
      2: R_CURLY@310..312 "}" [Whitespace(" ")] []
    11: R_NAMESPACE_EXPRESSION@312..318
      0: R_IDENTIFIER@312..315
        0: IDENT@312..315 "a" [Newline("\n"), Newline("\n")] []
      1: COLON3@315..318 ":::" [] []
      2: (empty)
    12: R_DOUBLE_VALUE@318..319
      0: R_DOUBLE_LITERAL@318..319 "1" [] []
    13: R_NAMESPACE_EXPRESSION@319..324
      0: R_IDENTIFIER@319..321
        0: IDENT@319..321 "a" [Newline("\n")] []
      1: COLON3@321..324 ":::" [] []
      2: (empty)
    14: R_NA_EXPRESSION@324..326
      0: NA_LOGICAL_KW@324..326 "NA" [] []
    15: R_NAMESPACE_EXPRESSION@326..331
      0: R_IDENTIFIER@326..328
        0: IDENT@326..328 "a" [Newline("\n")] []
      1: COLON3@328..331 ":::" [] []
      2: (empty)
    16: R_NULL_EXPRESSION@331..335
      0: NULL_KW@331..335 "NULL" [] []
    17: R_NAMESPACE_EXPRESSION@335..340
      0: R_IDENTIFIER@335..337
        0: IDENT@335..337 "a" [Newline("\n")] []
      1: COLON3@337..340 ":::" [] []
      2: (empty)
    18: R_TRUE_EXPRESSION@340..344
      0: TRUE_KW@340..344 "TRUE" [] []
    19: R_CALL@344..352
      0: R_NAMESPACE_EXPRESSION@344..349
        0: R_IDENTIFIER@344..346
          0: IDENT@344..346 "a" [Newline("\n")] []
        1: COLON3@346..349 ":::" [] []
        2: (empty)
      1: R_CALL_ARGUMENTS@349..352
        0: L_PAREN@349..350 "(" [] []
        1: R_ARGUMENT_LIST@350..351
          0: R_ARGUMENT@350..351
            0: (empty)
            1: R_IDENTIFIER@350..351
              0: IDENT@350..351 "b" [] []
        2: R_PAREN@351..352 ")" [] []
    20: R_NAMESPACE_EXPRESSION@352..357
      0: R_IDENTIFIER@352..354
        0: IDENT@352..354 "a" [Newline("\n")] []
      1: COLON3@354..357 ":::" [] []
      2: (empty)
    21: R_BRACED_EXPRESSIONS@357..362
      0: L_CURLY@357..358 "{" [] []
      1: R_EXPRESSION_LIST@358..360
        0: R_IDENTIFIER@358..360
          0: IDENT@358..360 "b" [Whitespace(" ")] []
      2: R_CURLY@360..362 "}" [Whitespace(" ")] []
  2: EOF@362..363 "" [Newline("\n")] []

```

## Errors

```
expected an identifier or string after `::`
```
