---
source: crates/air_r_parser/tests/spec_test.rs
expression: snapshot
---
## Input

```R
# Can't have two arguments side by side without a delimiter
fn(a b)

```


## AST

```
RRoot {
    bom_token: missing (optional),
    expressions: RExpressionList [
        RBogusExpression {
            items: [
                RIdentifier {
                    name_token: IDENT@0..62 "fn" [Comments("# Can't have two argu ..."), Newline("\n")] [],
                },
                L_PAREN@62..63 "(" [] [],
                RArgument {
                    name_clause: missing (optional),
                    value: RIdentifier {
                        name_token: IDENT@63..64 "a" [] [],
                    },
                },
                IDENT@64..66 "b" [Whitespace(" ")] [],
                R_PAREN@66..67 ")" [] [],
            ],
        },
    ],
    eof_token: EOF@67..68 "" [Newline("\n")] [],
}
```

## CST

```
0: R_ROOT@0..68
  0: (empty)
  1: R_EXPRESSION_LIST@0..67
    0: R_BOGUS_EXPRESSION@0..67
      0: R_IDENTIFIER@0..62
        0: IDENT@0..62 "fn" [Comments("# Can't have two argu ..."), Newline("\n")] []
      1: L_PAREN@62..63 "(" [] []
      2: R_ARGUMENT@63..64
        0: (empty)
        1: R_IDENTIFIER@63..64
          0: IDENT@63..64 "a" [] []
      3: IDENT@64..66 "b" [Whitespace(" ")] []
      4: R_PAREN@66..67 ")" [] []
  2: EOF@67..68 "" [Newline("\n")] []

```

## Errors

```
Failed to parse due to syntax errors.
```
